[backblue.gif]
[fade.gif]
[index.html]
[s3-us-west-2.amazonaws.com/yourvolunteers/css/bootstrap.3.3.7.min.gz.css]
[s3-us-west-2.amazonaws.com/yourvolunteers/js/jquery-1.11.1.min.gz.js]
[s3-us-west-2.amazonaws.com/yourvolunteers/js/bootstrap.3.3.7.min.gz.js]
[s3-us-west-2.amazonaws.com/yourvolunteers/images/yvlogo.png]
[s3-us-west-2.amazonaws.com/yourvolunteers/images/volunteers-hands.jpg]
[s3-us-west-2.amazonaws.com/yourvolunteers/images/volunteers-happy.jpg]
[pagead2.googlesyndication.com/pagead/js/f.txt]
[s3-us-west-2.amazonaws.com/yourvolunteers/images/logo-wait.gif]
[www.google-analytics.com/analytics.js]
[yourvolunteers.com/index.html]
[s3-us-west-2.amazonaws.com/yourvolunteers/css/bootstrap.3.3.7.min.gz.css]
[s3-us-west-2.amazonaws.com/yourvolunteers/images/transparentbg.png]
[yourvolunteers.com/css/modern-business.css]
[yourvolunteers.com/font-awesome/fonts/fontawesome-webfont78ce.eot]
[yourvolunteers.com/font-awesome/fonts/fontawesome-webfontd41d.eot]
[yourvolunteers.com/font-awesome/fonts/fontawesome-webfont78ce.woff]
[yourvolunteers.com/font-awesome/fonts/fontawesome-webfont78ce.ttf]
[yourvolunteers.com/font-awesome/css/font-awesome.min.css]
[s3-us-west-2.amazonaws.com/yourvolunteers/js/jquery-1.11.1.min.gz.js]
[s3-us-west-2.amazonaws.com/yourvolunteers/js/bootstrap.3.3.7.min.gz.js]
[s3-us-west-2.amazonaws.com/yourvolunteers/js/yv.publicsite.min.js]
[s3-us-west-2.amazonaws.com/yourvolunteers/images/saddog.jpg]
[yourvolunteers.com/pricing.html]
[yourvolunteers.com/volunteer-database-easy-setup.html]
[s3-us-west-2.amazonaws.com/yourvolunteers/images/schedule.png]
[yourvolunteers.com/schedule-volunteers.html]
[s3-us-west-2.amazonaws.com/yourvolunteers/images/NonscheduledShifts.png]
[yourvolunteers.com/virtual-volunteering.html]
[s3-us-west-2.amazonaws.com/yourvolunteers/images/volsummary.png]
[yourvolunteers.com/manage-volunteers.html]
[s3-us-west-2.amazonaws.com/yourvolunteers/images/tracking.png]
[yourvolunteers.com/track-volunteers.html]
[s3-us-west-2.amazonaws.com/yourvolunteers/images/dashboard.png]
[yourvolunteers.com/cloud-based-volunteer-system.html]
[s3-us-west-2.amazonaws.com/yourvolunteers/images/mobile.jpg]
[yourvolunteers.com/mobile-first-volunteer-system.html]
[s3-us-west-2.amazonaws.com/yourvolunteers/images/volreport.png]
[yourvolunteers.com/perfect-volunteer-system.html]
[yourvolunteers.com/faq-using.html]
[yourvolunteers.com/faq-free.html]
[yourvolunteers.com/faq-privacy.html]
[yourvolunteers.com/pub/orgregistration.html]
[s3-us-west-2.amazonaws.com/yourvolunteers/css/bootstrap.min.gz.css]
[s3-us-west-2.amazonaws.com/yourvolunteers/js/bootstrap.min.gz.js]
[s3-us-west-2.amazonaws.com/yourvolunteers/js/moment-2.8.3.min.gz.js]
[yourvolunteers.com/manager.html]
[yourvolunteers.com/vol.html]
[s3-us-west-2.amazonaws.com/yourvolunteers/images/primarykey-left-smaller.jpg]
[yourvolunteers.com/about.html]
[s3-us-west-2.amazonaws.com/yourvolunteers/images/doublerainbow.jpg]
[yourvolunteers.com/history.html]
[yourvolunteers.com/mission.html]
[yourvolunteers.com/news.html]
[yourvolunteers.com/privacy.html]
[s3-us-west-2.amazonaws.com/yourvolunteers/images/yv-logo-big.jpg]
[yourvolunteers.com/contact.html]
[yourvolunteers.com/font-awesome/fonts/fontawesome-webfont78ce.svg]
[yourvolunteers.com/Popover requires tooltip.html]
[s3-us-west-2.amazonaws.com/yourvolunteers/js/yv.security.min.js]
[s3-us-west-2.amazonaws.com/yourvolunteers/js/yv.shared.min.js]
[s3-us-west-2.amazonaws.com/yourvolunteers/css/glyphicons-halflings-regular.eot]
[s3-us-west-2.amazonaws.com/yourvolunteers/css/glyphicons-halflings-regular.woff]
[s3-us-west-2.amazonaws.com/yourvolunteers/css/glyphicons-halflings-regulard41d.eot]
[s3-us-west-2.amazonaws.com/yourvolunteers/css/glyphicons-halflings-regular.ttf]
[s3-us-west-2.amazonaws.com/yourvolunteers/css/bootstrap.min.gz.css]
[s3-us-west-2.amazonaws.com/yourvolunteers/css/Sept2013.min.css]
[s3-us-west-2.amazonaws.com/yourvolunteers/js/bootstrap.min.gz.js]
[s3-us-west-2.amazonaws.com/yourvolunteers/js/jquery.cookie.min.js]
[s3-us-west-2.amazonaws.com/yourvolunteers/js/moment-2.8.3.min.gz.js]
[s3-us-west-2.amazonaws.com/pkt/js/ads.js]
[yourvolunteers.com/vol/forgot.html]
[yourvolunteers.com/vol/terms.html]
[s3-us-west-2.amazonaws.com/yourvolunteers/js/yv.focuses.min.js]
[yourvolunteers.com/pub/vol5fc5.html]
[yourvolunteers.com/volb53b.html]
[s3-us-west-2.amazonaws.com/yourvolunteers/css/glyphicons-halflings-regular.svg]
[s3-us-west-2.amazonaws.com/yourvolunteers/images/emailicon.png]
[s3-us-west-2.amazonaws.com/yourvolunteers/images/emailicon_not.png]
[s3-us-west-2.amazonaws.com/yourvolunteers/js/yv.volunteers.min.js]
